EN half_adder NULL D:/ISE/kadai3/Half_adder.vhd sub00/vhpl02 1543294637
AR full_adder behavioral D:/ISE/kadai3/Full_adder.vhd sub00/vhpl01 1543294640
EN full_adder NULL D:/ISE/kadai3/Full_adder.vhd sub00/vhpl00 1543294639
AR half_adder behavioral D:/ISE/kadai3/Half_adder.vhd sub00/vhpl03 1543294638
