--------------------------------------------------------------------------------
Release 14.7 Trace  (nt)
Copyright (c) 1995-2013 Xilinx, Inc.  All rights reserved.

C:\Xilinx\14.7\ISE_DS\ISE\bin\nt\unwrapped\trce.exe -intstyle ise -v 3 -s 5 -n
3 -fastpaths -xml Decoder.twx Decoder.ncd -o Decoder.twr Decoder.pcf -ucf
Decoder.ucf

Design file:              Decoder.ncd
Physical constraint file: Decoder.pcf
Device,package,speed:     xc3s250e,tq144,-5 (PRODUCTION 1.27 2013-10-13)
Report level:             verbose report

Environment Variable      Effect 
--------------------      ------ 
NONE                      No environment variables were set
--------------------------------------------------------------------------------

INFO:Timing:2698 - No timing constraints found, doing default enumeration.
INFO:Timing:3412 - To improve timing, see the Timing Closure User Guide (UG612).
INFO:Timing:2752 - To get complete path coverage, use the unconstrained paths 
   option. All paths that are not constrained will be reported in the 
   unconstrained paths section(s) of the report.
INFO:Timing:3339 - The clock-to-out numbers in this timing report are based on 
   a 50 Ohm transmission line loading model.  For the details of this model, 
   and for more information on accounting for different loading conditions, 
   please see the device datasheet.
INFO:Timing:3390 - This architecture does not support a default System Jitter 
   value, please add SYSTEM_JITTER constraint to the UCF to modify the Clock 
   Uncertainty calculation.
INFO:Timing:3389 - This architecture does not support 'Discrete Jitter' and 
   'Phase Error' calculations, these terms will be zero in the Clock 
   Uncertainty calculation.  Please make appropriate modification to 
   SYSTEM_JITTER to account for the unsupported Discrete Jitter and Phase 
   Error.



Data Sheet report:
-----------------
All values displayed in nanoseconds (ns)

Pad to Pad
---------------+---------------+---------+
Source Pad     |Destination Pad|  Delay  |
---------------+---------------+---------+
A<0>           |Y<0>           |    8.777|
A<0>           |Y<1>           |    9.100|
A<0>           |Y<2>           |    8.892|
A<0>           |Y<3>           |    8.626|
A<0>           |Y<4>           |    8.047|
A<0>           |Y<5>           |    7.243|
A<0>           |Y<6>           |    8.095|
A<1>           |Y<0>           |    7.671|
A<1>           |Y<1>           |    7.899|
A<1>           |Y<2>           |    7.786|
A<1>           |Y<3>           |    7.459|
A<1>           |Y<4>           |    6.991|
A<1>           |Y<5>           |    7.242|
A<1>           |Y<6>           |    7.039|
A<2>           |Y<0>           |    7.902|
A<2>           |Y<1>           |    8.082|
A<2>           |Y<2>           |    8.017|
A<2>           |Y<3>           |    7.586|
A<2>           |Y<4>           |    7.166|
A<2>           |Y<5>           |    7.450|
A<2>           |Y<6>           |    7.214|
A<3>           |Y<0>           |    8.355|
A<3>           |Y<1>           |    8.716|
A<3>           |Y<2>           |    8.470|
A<3>           |Y<3>           |    8.271|
A<3>           |Y<4>           |    7.652|
A<3>           |Y<5>           |    8.410|
A<3>           |Y<6>           |    7.700|
---------------+---------------+---------+


Analysis completed TUE 27 NOV 14:58:35 2018 
--------------------------------------------------------------------------------

Trace Settings:
-------------------------
Trace Settings 

Peak Memory Usage: 116 MB



